mode: set
github.com/sergicanet9/go-hexagonal-api/async/async.go:22.61,27.2 1 0
github.com/sergicanet9/go-hexagonal-api/async/async.go:29.41,33.46 3 0
github.com/sergicanet9/go-hexagonal-api/async/async.go:33.46,35.3 1 0
github.com/sergicanet9/go-hexagonal-api/async/async.go:38.102,39.22 1 0
github.com/sergicanet9/go-hexagonal-api/async/async.go:39.22,40.24 1 0
github.com/sergicanet9/go-hexagonal-api/async/async.go:66.3,66.19 1 0
github.com/sergicanet9/go-hexagonal-api/async/async.go:40.24,48.18 5 0
github.com/sergicanet9/go-hexagonal-api/async/async.go:53.4,56.18 3 0
github.com/sergicanet9/go-hexagonal-api/async/async.go:61.4,64.66 3 0
github.com/sergicanet9/go-hexagonal-api/async/async.go:48.18,50.13 2 0
github.com/sergicanet9/go-hexagonal-api/async/async.go:56.18,58.13 2 0
github.com/sergicanet9/go-hexagonal-api/api/api.go:26.66,37.16 6 1
github.com/sergicanet9/go-hexagonal-api/api/api.go:41.2,46.24 4 1
github.com/sergicanet9/go-hexagonal-api/api/api.go:37.16,39.3 1 0
github.com/sergicanet9/go-hexagonal-api/api/api.go:46.24,49.3 2 0
github.com/sergicanet9/go-hexagonal-api/api/api.go:53.21,58.2 4 1
github.com/sergicanet9/go-hexagonal-api/models/entities/user.go:19.36,21.2 1 0
github.com/sergicanet9/go-hexagonal-api/models/entities/user.go:23.35,25.2 1 0
github.com/sergicanet9/go-hexagonal-api/models/entities/user.go:27.33,29.45 2 1
github.com/sergicanet9/go-hexagonal-api/models/entities/user.go:32.2,32.15 1 1
github.com/sergicanet9/go-hexagonal-api/models/entities/user.go:29.45,31.3 1 1
github.com/sergicanet9/go-hexagonal-api/business/user/user.go:44.69,50.2 1 1
github.com/sergicanet9/go-hexagonal-api/business/user/user.go:53.107,56.16 3 1
github.com/sergicanet9/go-hexagonal-api/business/user/user.go:59.2,59.21 1 1
github.com/sergicanet9/go-hexagonal-api/business/user/user.go:62.2,64.64 2 1
github.com/sergicanet9/go-hexagonal-api/business/user/user.go:76.2,76.64 1 0
github.com/sergicanet9/go-hexagonal-api/business/user/user.go:56.16,58.3 1 0
github.com/sergicanet9/go-hexagonal-api/business/user/user.go:59.21,61.3 1 0
github.com/sergicanet9/go-hexagonal-api/business/user/user.go:64.64,66.17 2 1
github.com/sergicanet9/go-hexagonal-api/business/user/user.go:70.3,74.21 2 1
github.com/sergicanet9/go-hexagonal-api/business/user/user.go:66.17,68.4 1 0
github.com/sergicanet9/go-hexagonal-api/business/user/user.go:80.92,82.16 2 1
github.com/sergicanet9/go-hexagonal-api/business/user/user.go:86.2,87.16 2 1
github.com/sergicanet9/go-hexagonal-api/business/user/user.go:91.2,96.16 6 1
github.com/sergicanet9/go-hexagonal-api/business/user/user.go:99.2,99.56 1 1
github.com/sergicanet9/go-hexagonal-api/business/user/user.go:82.16,84.3 1 0
github.com/sergicanet9/go-hexagonal-api/business/user/user.go:87.16,89.3 1 0
github.com/sergicanet9/go-hexagonal-api/business/user/user.go:96.16,98.3 1 0
github.com/sergicanet9/go-hexagonal-api/business/user/user.go:103.73,105.16 2 1
github.com/sergicanet9/go-hexagonal-api/business/user/user.go:109.2,110.27 2 1
github.com/sergicanet9/go-hexagonal-api/business/user/user.go:114.2,114.19 1 1
github.com/sergicanet9/go-hexagonal-api/business/user/user.go:105.16,107.3 1 0
github.com/sergicanet9/go-hexagonal-api/business/user/user.go:110.27,112.3 1 1
github.com/sergicanet9/go-hexagonal-api/business/user/user.go:118.89,121.16 3 1
github.com/sergicanet9/go-hexagonal-api/business/user/user.go:124.2,124.21 1 1
github.com/sergicanet9/go-hexagonal-api/business/user/user.go:128.2,129.18 2 1
github.com/sergicanet9/go-hexagonal-api/business/user/user.go:121.16,123.3 1 0
github.com/sergicanet9/go-hexagonal-api/business/user/user.go:124.21,126.3 1 0
github.com/sergicanet9/go-hexagonal-api/business/user/user.go:133.83,135.16 2 1
github.com/sergicanet9/go-hexagonal-api/business/user/user.go:138.2,138.52 1 1
github.com/sergicanet9/go-hexagonal-api/business/user/user.go:135.16,137.3 1 0
github.com/sergicanet9/go-hexagonal-api/business/user/user.go:142.87,144.16 2 1
github.com/sergicanet9/go-hexagonal-api/business/user/user.go:147.2,148.19 2 1
github.com/sergicanet9/go-hexagonal-api/business/user/user.go:151.2,151.23 1 1
github.com/sergicanet9/go-hexagonal-api/business/user/user.go:154.2,154.20 1 1
github.com/sergicanet9/go-hexagonal-api/business/user/user.go:157.2,157.26 1 1
github.com/sergicanet9/go-hexagonal-api/business/user/user.go:169.2,169.21 1 1
github.com/sergicanet9/go-hexagonal-api/business/user/user.go:176.2,178.60 2 1
github.com/sergicanet9/go-hexagonal-api/business/user/user.go:181.2,181.12 1 1
github.com/sergicanet9/go-hexagonal-api/business/user/user.go:144.16,146.3 1 0
github.com/sergicanet9/go-hexagonal-api/business/user/user.go:148.19,150.3 1 1
github.com/sergicanet9/go-hexagonal-api/business/user/user.go:151.23,153.3 1 1
github.com/sergicanet9/go-hexagonal-api/business/user/user.go:154.20,156.3 1 1
github.com/sergicanet9/go-hexagonal-api/business/user/user.go:157.26,158.59 1 0
github.com/sergicanet9/go-hexagonal-api/business/user/user.go:158.59,160.18 2 0
github.com/sergicanet9/go-hexagonal-api/business/user/user.go:164.4,164.38 1 0
github.com/sergicanet9/go-hexagonal-api/business/user/user.go:160.18,162.5 1 0
github.com/sergicanet9/go-hexagonal-api/business/user/user.go:165.9,167.4 1 0
github.com/sergicanet9/go-hexagonal-api/business/user/user.go:169.21,171.17 2 0
github.com/sergicanet9/go-hexagonal-api/business/user/user.go:174.3,174.26 1 0
github.com/sergicanet9/go-hexagonal-api/business/user/user.go:171.17,173.4 1 0
github.com/sergicanet9/go-hexagonal-api/business/user/user.go:178.60,180.3 1 0
github.com/sergicanet9/go-hexagonal-api/business/user/user.go:185.64,186.47 1 1
github.com/sergicanet9/go-hexagonal-api/business/user/user.go:189.2,189.12 1 1
github.com/sergicanet9/go-hexagonal-api/business/user/user.go:186.47,188.3 1 0
github.com/sergicanet9/go-hexagonal-api/business/user/user.go:193.74,195.2 1 1
github.com/sergicanet9/go-hexagonal-api/business/user/user.go:198.68,204.16 5 0
github.com/sergicanet9/go-hexagonal-api/business/user/user.go:207.2,211.16 4 0
github.com/sergicanet9/go-hexagonal-api/business/user/user.go:214.2,216.16 3 0
github.com/sergicanet9/go-hexagonal-api/business/user/user.go:220.2,220.77 1 0
github.com/sergicanet9/go-hexagonal-api/business/user/user.go:250.2,251.12 2 0
github.com/sergicanet9/go-hexagonal-api/business/user/user.go:204.16,206.3 1 0
github.com/sergicanet9/go-hexagonal-api/business/user/user.go:211.16,213.3 1 0
github.com/sergicanet9/go-hexagonal-api/business/user/user.go:216.16,218.3 1 0
github.com/sergicanet9/go-hexagonal-api/business/user/user.go:220.77,230.17 2 0
github.com/sergicanet9/go-hexagonal-api/business/user/user.go:234.3,243.17 2 0
github.com/sergicanet9/go-hexagonal-api/business/user/user.go:247.3,247.18 1 0
github.com/sergicanet9/go-hexagonal-api/business/user/user.go:230.17,232.4 1 0
github.com/sergicanet9/go-hexagonal-api/business/user/user.go:243.17,245.4 1 0
github.com/sergicanet9/go-hexagonal-api/business/user/user.go:254.81,262.16 7 1
github.com/sergicanet9/go-hexagonal-api/business/user/user.go:265.2,265.31 1 1
github.com/sergicanet9/go-hexagonal-api/business/user/user.go:269.2,271.16 3 1
github.com/sergicanet9/go-hexagonal-api/business/user/user.go:274.2,274.19 1 1
github.com/sergicanet9/go-hexagonal-api/business/user/user.go:262.16,264.3 1 0
github.com/sergicanet9/go-hexagonal-api/business/user/user.go:265.31,267.3 1 0
github.com/sergicanet9/go-hexagonal-api/business/user/user.go:271.16,273.3 1 0
github.com/sergicanet9/go-hexagonal-api/business/user/user.go:277.41,278.31 1 1
github.com/sergicanet9/go-hexagonal-api/business/user/user.go:283.2,283.12 1 1
github.com/sergicanet9/go-hexagonal-api/business/user/user.go:278.31,279.49 1 0
github.com/sergicanet9/go-hexagonal-api/business/user/user.go:279.49,281.4 1 0
github.com/sergicanet9/go-hexagonal-api/business/user/user.go:286.43,288.16 2 1
github.com/sergicanet9/go-hexagonal-api/business/user/user.go:291.2,292.12 2 1
github.com/sergicanet9/go-hexagonal-api/business/user/user.go:288.16,290.3 1 0
github.com/sergicanet9/go-hexagonal-api/business/user/user.go:295.52,298.2 2 1
github.com/sergicanet9/go-hexagonal-api/api/handlers/health.go:14.77,16.2 1 1
github.com/sergicanet9/go-hexagonal-api/api/handlers/health.go:25.71,26.85 1 1
github.com/sergicanet9/go-hexagonal-api/api/handlers/health.go:26.85,30.42 3 1
github.com/sergicanet9/go-hexagonal-api/api/handlers/health.go:34.3,34.52 1 1
github.com/sergicanet9/go-hexagonal-api/api/handlers/health.go:30.42,33.4 2 0
github.com/sergicanet9/go-hexagonal-api/api/handlers/health.go:38.73,43.16 4 1
github.com/sergicanet9/go-hexagonal-api/api/handlers/health.go:46.2,46.35 1 1
github.com/sergicanet9/go-hexagonal-api/api/handlers/health.go:43.16,45.3 1 0
github.com/sergicanet9/go-hexagonal-api/api/handlers/user.go:18.95,28.2 9 1
github.com/sergicanet9/go-hexagonal-api/api/handlers/user.go:38.89,39.85 1 1
github.com/sergicanet9/go-hexagonal-api/api/handlers/user.go:39.85,44.17 4 1
github.com/sergicanet9/go-hexagonal-api/api/handlers/user.go:49.3,51.17 3 1
github.com/sergicanet9/go-hexagonal-api/api/handlers/user.go:56.3,57.17 2 1
github.com/sergicanet9/go-hexagonal-api/api/handlers/user.go:61.3,61.58 1 1
github.com/sergicanet9/go-hexagonal-api/api/handlers/user.go:44.17,47.4 2 0
github.com/sergicanet9/go-hexagonal-api/api/handlers/user.go:51.17,54.4 2 0
github.com/sergicanet9/go-hexagonal-api/api/handlers/user.go:57.17,60.4 2 0
github.com/sergicanet9/go-hexagonal-api/api/handlers/user.go:73.90,74.85 1 1
github.com/sergicanet9/go-hexagonal-api/api/handlers/user.go:74.85,79.17 4 1
github.com/sergicanet9/go-hexagonal-api/api/handlers/user.go:84.3,86.17 3 1
github.com/sergicanet9/go-hexagonal-api/api/handlers/user.go:91.3,92.17 2 1
github.com/sergicanet9/go-hexagonal-api/api/handlers/user.go:96.3,96.61 1 1
github.com/sergicanet9/go-hexagonal-api/api/handlers/user.go:79.17,82.4 2 0
github.com/sergicanet9/go-hexagonal-api/api/handlers/user.go:86.17,89.4 2 0
github.com/sergicanet9/go-hexagonal-api/api/handlers/user.go:92.17,95.4 2 0
github.com/sergicanet9/go-hexagonal-api/api/handlers/user.go:109.91,110.85 1 1
github.com/sergicanet9/go-hexagonal-api/api/handlers/user.go:110.85,115.17 4 1
github.com/sergicanet9/go-hexagonal-api/api/handlers/user.go:119.3,119.54 1 1
github.com/sergicanet9/go-hexagonal-api/api/handlers/user.go:115.17,118.4 2 0
github.com/sergicanet9/go-hexagonal-api/api/handlers/user.go:133.94,134.85 1 1
github.com/sergicanet9/go-hexagonal-api/api/handlers/user.go:134.85,140.17 5 1
github.com/sergicanet9/go-hexagonal-api/api/handlers/user.go:144.3,144.53 1 1
github.com/sergicanet9/go-hexagonal-api/api/handlers/user.go:140.17,143.4 2 0
github.com/sergicanet9/go-hexagonal-api/api/handlers/user.go:158.91,159.85 1 1
github.com/sergicanet9/go-hexagonal-api/api/handlers/user.go:159.85,165.17 5 1
github.com/sergicanet9/go-hexagonal-api/api/handlers/user.go:169.3,169.53 1 1
github.com/sergicanet9/go-hexagonal-api/api/handlers/user.go:165.17,168.4 2 0
github.com/sergicanet9/go-hexagonal-api/api/handlers/user.go:184.90,185.85 1 1
github.com/sergicanet9/go-hexagonal-api/api/handlers/user.go:185.85,190.17 4 1
github.com/sergicanet9/go-hexagonal-api/api/handlers/user.go:195.3,198.17 4 1
github.com/sergicanet9/go-hexagonal-api/api/handlers/user.go:203.3,204.17 2 1
github.com/sergicanet9/go-hexagonal-api/api/handlers/user.go:208.3,208.53 1 1
github.com/sergicanet9/go-hexagonal-api/api/handlers/user.go:190.17,193.4 2 0
github.com/sergicanet9/go-hexagonal-api/api/handlers/user.go:198.17,201.4 2 0
github.com/sergicanet9/go-hexagonal-api/api/handlers/user.go:204.17,207.4 2 0
github.com/sergicanet9/go-hexagonal-api/api/handlers/user.go:222.90,223.85 1 1
github.com/sergicanet9/go-hexagonal-api/api/handlers/user.go:223.85,229.17 5 1
github.com/sergicanet9/go-hexagonal-api/api/handlers/user.go:233.3,233.52 1 1
github.com/sergicanet9/go-hexagonal-api/api/handlers/user.go:229.17,232.4 2 0
github.com/sergicanet9/go-hexagonal-api/api/handlers/user.go:246.93,247.85 1 1
github.com/sergicanet9/go-hexagonal-api/api/handlers/user.go:247.85,252.17 4 1
github.com/sergicanet9/go-hexagonal-api/api/handlers/user.go:256.3,256.55 1 1
github.com/sergicanet9/go-hexagonal-api/api/handlers/user.go:252.17,255.4 2 0
github.com/sergicanet9/go-hexagonal-api/api/handlers/user.go:269.102,270.85 1 1
github.com/sergicanet9/go-hexagonal-api/api/handlers/user.go:270.85,275.17 4 0
github.com/sergicanet9/go-hexagonal-api/api/handlers/user.go:279.3,279.52 1 0
github.com/sergicanet9/go-hexagonal-api/api/handlers/user.go:275.17,278.4 2 0
github.com/sergicanet9/go-hexagonal-api/docs/docs.go:587.30,592.41 3 0
github.com/sergicanet9/go-hexagonal-api/docs/docs.go:597.2,597.16 1 0
github.com/sergicanet9/go-hexagonal-api/docs/docs.go:601.2,602.47 2 0
github.com/sergicanet9/go-hexagonal-api/docs/docs.go:606.2,606.21 1 0
github.com/sergicanet9/go-hexagonal-api/docs/docs.go:592.41,595.4 2 0
github.com/sergicanet9/go-hexagonal-api/docs/docs.go:597.16,599.3 1 0
github.com/sergicanet9/go-hexagonal-api/docs/docs.go:602.47,604.3 1 0
github.com/sergicanet9/go-hexagonal-api/docs/docs.go:609.13,611.2 1 1
github.com/sergicanet9/go-hexagonal-api/config/config.go:33.66,40.16 6 0
github.com/sergicanet9/go-hexagonal-api/config/config.go:44.2,44.15 1 0
github.com/sergicanet9/go-hexagonal-api/config/config.go:50.2,50.15 1 0
github.com/sergicanet9/go-hexagonal-api/config/config.go:40.16,42.3 1 0
github.com/sergicanet9/go-hexagonal-api/config/config.go:44.15,45.81 1 0
github.com/sergicanet9/go-hexagonal-api/config/config.go:45.81,47.4 1 0
github.com/sergicanet9/go-hexagonal-api/config/config.go:53.50,54.45 1 0
github.com/sergicanet9/go-hexagonal-api/config/config.go:58.2,59.16 2 0
github.com/sergicanet9/go-hexagonal-api/config/config.go:63.2,65.36 2 0
github.com/sergicanet9/go-hexagonal-api/config/config.go:69.2,70.16 2 0
github.com/sergicanet9/go-hexagonal-api/config/config.go:74.2,74.12 1 0
github.com/sergicanet9/go-hexagonal-api/config/config.go:54.45,56.3 1 0
github.com/sergicanet9/go-hexagonal-api/config/config.go:59.16,61.3 1 0
github.com/sergicanet9/go-hexagonal-api/config/config.go:65.36,67.3 1 0
github.com/sergicanet9/go-hexagonal-api/config/config.go:70.16,72.3 1 0
github.com/sergicanet9/go-hexagonal-api/config/config.go:83.56,85.45 2 0
github.com/sergicanet9/go-hexagonal-api/config/config.go:89.2,89.27 1 0
github.com/sergicanet9/go-hexagonal-api/config/config.go:101.2,101.12 1 0
github.com/sergicanet9/go-hexagonal-api/config/config.go:85.45,87.3 1 0
github.com/sergicanet9/go-hexagonal-api/config/config.go:90.15,91.36 1 0
github.com/sergicanet9/go-hexagonal-api/config/config.go:92.14,94.17 2 0
github.com/sergicanet9/go-hexagonal-api/config/config.go:97.3,97.13 1 0
github.com/sergicanet9/go-hexagonal-api/config/config.go:98.10,99.40 1 0
github.com/sergicanet9/go-hexagonal-api/config/config.go:94.17,96.4 1 0
